../Core/Src/main.c:62:6:HAL_TIM_PeriodElapsedCallback	16	static
../Core/Src/main.c:68:6:Pin_UART_Init	32	static
../Core/Src/main.c:101:6:control_led	16	static
../Core/Src/main.c:105:6:HAL_UART_RxCpltCallback	24	static
../Core/Src/main.c:143:5:main	64	static
../Core/Src/main.c:203:6:SystemClock_Config	72	static
../Core/Src/main.c:243:13:MX_TIM3_Init	32	static
../Core/Src/main.c:289:13:MX_USART1_UART_Init	8	static
../Core/Src/main.c:322:13:MX_GPIO_Init	32	static
../Core/Src/main.c:350:6:Error_Handler	4	static,ignoring_inline_asm
